Microchip MPLAB XC8 Compiler V2.10 ()

Linker command line:

-W-3 --edf=C:\Program Files (x86)\Microchip\xc8\v2.10\pic\dat\en_msgs.txt \
  -cs -h+dist/default/production\LSControlTower.X.production.sym \
  --cmf=dist/default/production\LSControlTower.X.production.cmf -z \
  -Q18F4321 -oC:\Users\angel\AppData\Local\Temp\sng8.2 \
  --defsym=__MPLAB_BUILD=1 \
  -Mdist/default/production/LSControlTower.X.production.map -E1 -ver=XC8 \
  --acfsm=1493 -ASTACK=080h-01FFh -pstack=STACK -ACODE=00h-01FFFh \
  -ACONST=00h-01FFFh -ASMALLCONST=0200h-02FFhx30 -AMEDIUMCONST=0200h-01FFFh \
  -ACOMRAM=01h-07Fh -AABS1=00h-01FFh -ABIGRAM=01h-01FFh \
  -ARAM=080h-0FFh,0100h-01FFh -ABANK0=080h-0FFh -ABANK1=0100h-01FFh \
  -ASFR=0F80h-0FFFh -preset_vec=00h,intcode,intcodelo,powerup,init \
  -pramtop=0200h -psmallconst=SMALLCONST -pmediumconst=MEDIUMCONST \
  -pconst=CONST -AFARRAM=00h-00h -ACONFIG=0300000h-030000Dh -pconfig=CONFIG \
  -AIDLOC=0200000h-0200007h -pidloc=IDLOC -AEEDATA=0F00000h-0F000FFh \
  -peeprom_data=EEDATA \
  -prdata=COMRAM,nvrram=COMRAM,nvbit=COMRAM,rbss=COMRAM,rbit=COMRAM \
  -pfarbss=FARRAM,fardata=FARRAM,nvFARRAM=FARRAM \
  -pintsave_regs=BIGRAM,bigbss=BIGRAM,bigdata=BIGRAM -pbss=RAM \
  -pidata=CODE,irdata=CODE,ibigdata=CODE,ifardata=CODE -prparam=COMRAM \
  C:\Users\angel\AppData\Local\Temp\sng8.o \
  dist/default/production\LSControlTower.X.production.o 

Object code version is 3.11

Machine type is 18F4321

Call graph: (short form)




                Name                               Link     Load   Length Selector   Space Scale
C:\Users\angel\AppData\Local\Temp\sng8.o
                init                                  0        0        4        0       0
                idloc                            200000   200000        8   200000       0
                config                           300000   300000        E   300000       0
dist/default/production\LSControlTower.X.production.o
                text0                              1FE0     1FE0        A      FF0       0
                bssCOMRAM                             1        1       1D        1       1
                cinit                              1FEA     1FEA       16      FF5       0

TOTAL           Name                               Link     Load   Length     Space
        CLASS   STACK          

        CLASS   CODE           
                init                                  0        0        4         0
                text0                              1FE0     1FE0        A         0
                cinit                              1FEA     1FEA       16         0

        CLASS   CONST          

        CLASS   SMALLCONST     

        CLASS   MEDIUMCONST    

        CLASS   COMRAM         
                bssCOMRAM                             1        1       1D         1

        CLASS   ABS1           

        CLASS   BIGRAM         

        CLASS   RAM            

        CLASS   BANK0          

        CLASS   BANK1          

        CLASS   SFR            

        CLASS   FARRAM         

        CLASS   CONFIG         
                config                           300000   300000        E         0

        CLASS   IDLOC          
                idloc                            200000   200000        8         0

        CLASS   EEDATA         



SEGMENTS        Name                           Load    Length   Top    Selector   Space  Class

                reset_vec                      000000  000004  000004         0       0  CODE    
                bssCOMRAM                      000001  00001D  00001E         1       1  COMRAM  
                text0                          001FE0  00000A  001FEA       FF0       0  CODE    
                cinit                          001FEA  000016  002000       FF5       0  CODE    
                idloc                          200000  000008  200008    200000       0  IDLOC   
                config                         300000  00000E  30000E    300000       0  CONFIG  


UNUSED ADDRESS RANGES

        Name                Unused          Largest block    Delta
        BANK0            000080-0000FF               80
        BANK1            000100-0001FF              100
        BIGRAM           00001E-0001FF              1E2
        CODE             000004-001FDF             1FDC
        COMRAM           00001E-00007F               62
        CONST            000004-001FDF             1FDC
        EEDATA           F00000-F000FF              100
        MEDIUMCONST      000200-001FDF             1DE0
        RAM              000080-0001FF               80
        SFR              000F80-000FFF               80
        SMALLCONST       000200-001FDF              100
        STACK            000080-0001FF              180

                                  Symbol Table

_ColumnAct               bssCOMRAM    000019
_Columns                 bssCOMRAM    00001B
_INTCONbits              (abs)        000FF2
_LATDbits                (abs)        000F8C
_OSCCON                  (abs)        000FD3
_OSCTUNEbits             (abs)        000F9B
_PORTDbits               (abs)        000F83
_RowAct                  bssCOMRAM    00001A
_Rows                    bssCOMRAM    00001C
_T0CON                   (abs)        000FD5
_TMR0                    (abs)        000FD6
_TMR0IF                  (abs)        007F92
_TRISDbits               (abs)        000F95
_Tics                    bssCOMRAM    000015
_Timer                   bssCOMRAM    00001D
_Timers                  bssCOMRAM    000001
__CFG_OSC$INTIO2         (abs)        000000
__CFG_PBADEN$DIG         (abs)        000000
__CFG_WDT$OFF            (abs)        000000
__HRAM                   (abs)        000000
__Habs1                  abs1         000000
__Hbank0                 bank0        000000
__Hbank1                 bank1        000000
__Hbigbss                bigbss       000000
__Hbigdata               bigdata      000000
__Hbigram                bigram       000000
__Hbss                   bss          000000
__HbssCOMRAM             bssCOMRAM    000000
__Hcinit                 cinit        000000
__Hclrtext               clrtext      000000
__Hcomram                comram       000000
__Hconfig                config       30000E
__Hconst                 const        000000
__HcstackCOMRAM          cstackCOMRAM 000000
__Hdata                  data         000000
__Heeprom_data           eeprom_data  000000
__Hfarbss                farbss       000000
__Hfardata               fardata      000000
__Hibigdata              ibigdata     000000
__Hidata                 idata        000000
__Hidloc                 idloc        200008
__Hifardata              ifardata     000000
__Hinit                  init         000004
__Hintcode               intcode      000000
__Hintcode_body          intcode_body 000000
__Hintcodelo             intcodelo    000000
__Hintentry              intentry     000000
__Hintret                intret       000000
__Hintsave_regs          intsave_regs 000000
__Hirdata                irdata       000000
__Hmediumconst           mediumconst  000000
__HnvFARRAM              nvFARRAM     000000
__Hnvbit                 nvbit        000000
__Hnvrram                nvrram       000000
__Hparam                 rparam       000000
__Hpowerup               powerup      000000
__Hram                   ram          000000
__Hramtop                ramtop       000200
__Hrbit                  rbit         000000
__Hrbss                  rbss         000000
__Hrdata                 rdata        000000
__Hreset_vec             reset_vec    000000
__Hrparam                rparam       000000
__Hsfr                   sfr          000000
__Hsmallconst            smallconst   000000
__Hspace_0               (abs)        30000E
__Hspace_1               (abs)        00001E
__Hspace_2               (abs)        000000
__Hstack                 stack        000000
__Hstruct                struct       000000
__Htemp                  temp         000000
__Htext                  text         000000
__Htext0                 text0        000000
__LRAM                   (abs)        000001
__Labs1                  abs1         000000
__Lbank0                 bank0        000000
__Lbank1                 bank1        000000
__Lbigbss                bigbss       000000
__Lbigdata               bigdata      000000
__Lbigram                bigram       000000
__Lbss                   bss          000000
__LbssCOMRAM             bssCOMRAM    000000
__Lcinit                 cinit        000000
__Lclrtext               clrtext      000000
__Lcomram                comram       000000
__Lconfig                config       300000
__Lconst                 const        000000
__LcstackCOMRAM          cstackCOMRAM 000000
__Ldata                  data         000000
__Leeprom_data           eeprom_data  000000
__Lfarbss                farbss       000000
__Lfardata               fardata      000000
__Libigdata              ibigdata     000000
__Lidata                 idata        000000
__Lidloc                 idloc        200000
__Lifardata              ifardata     000000
__Linit                  init         000000
__Lintcode               intcode      000000
__Lintcode_body          intcode_body 000000
__Lintcodelo             intcodelo    000000
__Lintentry              intentry     000000
__Lintret                intret       000000
__Lintsave_regs          intsave_regs 000000
__Lirdata                irdata       000000
__Lmediumconst           mediumconst  000000
__LnvFARRAM              nvFARRAM     000000
__Lnvbit                 nvbit        000000
__Lnvrram                nvrram       000000
__Lparam                 rparam       000000
__Lpowerup               powerup      000000
__Lram                   ram          000000
__Lramtop                ramtop       000200
__Lrbit                  rbit         000000
__Lrbss                  rbss         000000
__Lrdata                 rdata        000000
__Lreset_vec             reset_vec    000000
__Lrparam                rparam       000000
__Lsfr                   sfr          000000
__Lsmallconst            smallconst   000000
__Lspace_0               (abs)        000000
__Lspace_1               (abs)        000000
__Lspace_2               (abs)        000000
__Lstack                 stack        000000
__Lstruct                struct       000000
__Ltemp                  temp         000000
__Ltext                  text         000000
__Ltext0                 text0        000000
__S0                     (abs)        30000E
__S1                     (abs)        00001E
__S2                     (abs)        000000
___inthi_sp              stack        000000
___intlo_sp              stack        000000
___param_bank            (abs)        000000
___rparam_used           (abs)        000001
___sp                    stack        000000
__accesstop              (abs)        000080
__activetblptr           (abs)        000002
__end_of__initialization cinit        001FF6
__end_of_main            text0        001FEA
__initialization         cinit        001FEA
__mediumconst            mediumconst  000000
__pbssCOMRAM             bssCOMRAM    000001
__pcinit                 cinit        001FEA
__pcstackCOMRAM          cstackCOMRAM 000000
__ptext0                 text0        001FE0
__ramtop                 ramtop       000200
__size_of_main           (abs)        000000
__smallconst             smallconst   000000
_main                    text0        001FE0
end_of_initialization    cinit        001FF6
intlevel0                text         000000
intlevel1                text         000000
intlevel2                text         000000
intlevel3                text         000000
stackhi                  (abs)        0001FF
stacklo                  (abs)        000080
start                    init         000000
start_initialization     cinit        001FEA


FUNCTION INFORMATION:

 *************** function _main *****************
 Defined at:
		line 12 in file "main.c"
 Parameters:    Size  Location     Type
		None
 Auto vars:     Size  Location     Type
		None
 Return value:  Size  Location     Type
                  1    wreg      void 
 Registers used:
		wreg, status,2
 Tracked objects:
		On entry : 
		On exit  : 
		Unchanged: 
 Data sizes:     COMRAM   BANK0   BANK1
      Params:         0       0       0
      Locals:         0       0       0
      Temps:          0       0       0
      Totals:         0       0       0
Total ram usage:        0 bytes
 This function calls:
		Nothing
 This function is called by:
		Startup code after reset
 This function uses a non-reentrant model



MODULE INFORMATION

Module		Function		Class		Link	Load	Size
shared
		__initialization		CODE           	1FEA	0000	13

shared estimated size: 13

main.c
		_main          		CODE           	1FE0	0000	11

main.c estimated size: 11

