Microchip MPLAB XC8 Compiler V2.10 ()

Linker command line:

-W-3 --edf=C:\Program Files (x86)\Microchip\xc8\v2.10\pic\dat\en_msgs.txt \
  -cs -h+dist/default/production\LSControlTower.X.production.sym \
  --cmf=dist/default/production\LSControlTower.X.production.cmf -z \
  -Q18F4321 -oC:\Users\angel\AppData\Local\Temp\s6ao.2 \
  --defsym=__MPLAB_BUILD=1 \
  -Mdist/default/production/LSControlTower.X.production.map -E1 -ver=XC8 \
  --acfsm=1493 -ASTACK=080h-01FFh -pstack=STACK -ACODE=00h-01FFFh \
  -ACONST=00h-01FFFh -ASMALLCONST=0200h-02FFhx30 -AMEDIUMCONST=0200h-01FFFh \
  -ACOMRAM=01h-07Fh -AABS1=00h-01FFh -ABIGRAM=01h-01FFh \
  -ARAM=080h-0FFh,0100h-01FFh -ABANK0=080h-0FFh -ABANK1=0100h-01FFh \
  -ASFR=0F80h-0FFFh -preset_vec=00h,intcode=08h,intcodelo,powerup,init \
  -pramtop=0200h -psmallconst=SMALLCONST -pmediumconst=MEDIUMCONST \
  -pconst=CONST -AFARRAM=00h-00h -ACONFIG=0300000h-030000Dh -pconfig=CONFIG \
  -AIDLOC=0200000h-0200007h -pidloc=IDLOC -AEEDATA=0F00000h-0F000FFh \
  -peeprom_data=EEDATA \
  -prdata=COMRAM,nvrram=COMRAM,nvbit=COMRAM,rbss=COMRAM,rbit=COMRAM \
  -pfarbss=FARRAM,fardata=FARRAM,nvFARRAM=FARRAM \
  -pintsave_regs=BIGRAM,bigbss=BIGRAM,bigdata=BIGRAM -pbss=RAM \
  -pidata=CODE,irdata=CODE,ibigdata=CODE,ifardata=CODE -prparam=COMRAM \
  C:\Users\angel\AppData\Local\Temp\s6ao.o \
  dist/default/production\LSControlTower.X.production.o 

Object code version is 3.11

Machine type is 18F4321

Call graph: (short form)




                Name                               Link     Load   Length Selector   Space Scale
C:\Users\angel\AppData\Local\Temp\s6ao.o
                init                                 12       12        4        4       0
                reset_vec                             0        0        4        0       0
                idloc                            200000   200000        8   200000       0
                config                           300000   300000        E   300000       0
dist/default/production\LSControlTower.X.production.o
                intcode                               8        8        A        4       0
                temp                                 39       39        1        1       1
                smallconst                          200      200       4A      100       0
                text7                               518      518       18      125       0
                text5                               496      496       2A      125       0
                text4                               530      530        E      125       0
                text3                               44A      44A       4C      125       0
                text2                               4C0      4C0       24      125       0
                text1                               24A      24A      200      125       0
                text0                               4FE      4FE       1A      125       0
                cstackCOMRAM                         26       26       13        1       1
                bssCOMRAM                             1        1       25        1       1
                cinit                               4E4      4E4       1A      125       0

TOTAL           Name                               Link     Load   Length     Space
        CLASS   STACK          

        CLASS   CODE           
                intcode                               8        8        A         0
                init                                 12       12        4         0
                reset_vec                             0        0        4         0
                text7                               518      518       18         0
                text5                               496      496       2A         0
                text4                               530      530        E         0
                text3                               44A      44A       4C         0
                text2                               4C0      4C0       24         0
                text1                               24A      24A      200         0
                text0                               4FE      4FE       1A         0
                cinit                               4E4      4E4       1A         0

        CLASS   CONST          

        CLASS   SMALLCONST     
                smallconst                          200      200       4A         0

        CLASS   MEDIUMCONST    

        CLASS   COMRAM         
                temp                                 39       39        1         1
                cstackCOMRAM                         26       26       13         1
                bssCOMRAM                             1        1       25         1

        CLASS   ABS1           

        CLASS   BIGRAM         

        CLASS   RAM            

        CLASS   BANK0          

        CLASS   BANK1          

        CLASS   SFR            

        CLASS   FARRAM         

        CLASS   CONFIG         
                config                           300000   300000        E         0

        CLASS   IDLOC          
                idloc                            200000   200000        8         0

        CLASS   EEDATA         



SEGMENTS        Name                           Load    Length   Top    Selector   Space  Class

                reset_vec                      000000  000004  000004         0       0  CODE    
                bssCOMRAM                      000001  000039  00003A         1       1  COMRAM  
                intcode                        000008  00000E  000016         4       0  CODE    
                smallconst                     000200  00004A  00024A       100       0  SMALLCON
                text1                          00024A  0002F4  00053E       125       0  CODE    
                idloc                          200000  000008  200008    200000       0  IDLOC   
                config                         300000  00000E  30000E    300000       0  CONFIG  


UNUSED ADDRESS RANGES

        Name                Unused          Largest block    Delta
        BANK0            000080-0000FF               80
        BANK1            000100-0001FF              100
        BIGRAM           00003A-0001FF              1C6
        CODE             000004-000007                4
                         000016-0001FF              1EA
                         00053E-001FFF             1AC2
        COMRAM           00003A-00007F               46
        CONST            000004-000007                4
                         000016-0001FF              1EA
                         00053E-001FFF             1AC2
        EEDATA           F00000-F000FF              100
        MEDIUMCONST      00053E-001FFF             1AC2
        RAM              000080-0001FF               80
        SFR              000F80-000FFF               80
        SMALLCONST       00053E-001FFF              100
        STACK            000080-0001FF              180

                                  Symbol Table

?_TI_GetTics               cstackCOMRAM 000026
TI_GetTics@CopiaTicsActual cstackCOMRAM 00002E
TI_GetTics@TimerHandle     cstackCOMRAM 000032
TI_Init@counter            cstackCOMRAM 000026
TI_ResetTics@TimerHandle   cstackCOMRAM 000026
_High_RSI                  intcode      000008
_INTCONbits                (abs)        000FF2
_LATCbits                  (abs)        000F8B
_OSCCON                    (abs)        000FD3
_OSCTUNEbits               (abs)        000F9B
_PORTB                     (abs)        000F81
_PORTC                     (abs)        000F82
_RCONbits                  (abs)        000FD0
_RCSTAbits                 (abs)        000FAB
_RSI_Timer0                text7        000518
_SPBRG                     (abs)        000FAF
_T0CON                     (abs)        000FD5
_TI_GetTics                text3        00044A
_TI_Init                   text5        000496
_TI_ResetTics              text2        0004C0
_TMR0                      (abs)        000FD6
_TMR0IF                    (abs)        007F92
_TMR0L                     (abs)        000FD6
_TXSTAbits                 (abs)        000FAC
_Tics                      bssCOMRAM    000015
_Timers                    bssCOMRAM    000001
__CFG_OSC$INTIO2           (abs)        000000
__CFG_PBADEN$DIG           (abs)        000000
__CFG_WDT$OFF              (abs)        000000
__HRAM                     (abs)        000000
__Habs1                    abs1         000000
__Hbank0                   bank0        000000
__Hbank1                   bank1        000000
__Hbigbss                  bigbss       000000
__Hbigdata                 bigdata      000000
__Hbigram                  bigram       000000
__Hbss                     bss          000000
__HbssCOMRAM               bssCOMRAM    000000
__Hcinit                   cinit        000000
__Hclrtext                 clrtext      000000
__Hcomram                  comram       000000
__Hconfig                  config       30000E
__Hconst                   const        000000
__HcstackCOMRAM            cstackCOMRAM 000000
__Hdata                    data         000000
__Heeprom_data             eeprom_data  000000
__Hfarbss                  farbss       000000
__Hfardata                 fardata      000000
__Hibigdata                ibigdata     000000
__Hidata                   idata        000000
__Hidloc                   idloc        200008
__Hifardata                ifardata     000000
__Hinit                    init         000016
__Hintcode                 intcode      000012
__Hintcode_body            intcode_body 000000
__Hintcodelo               intcodelo    000012
__Hintentry                intentry     000000
__Hintret                  intret       000000
__Hintsave_regs            intsave_regs 000000
__Hirdata                  irdata       000000
__Hmediumconst             mediumconst  000000
__HnvFARRAM                nvFARRAM     000000
__Hnvbit                   nvbit        000000
__Hnvrram                  nvrram       000000
__Hparam                   rparam       000000
__Hpowerup                 powerup      000012
__Hram                     ram          000000
__Hramtop                  ramtop       000200
__Hrbit                    rbit         000000
__Hrbss                    rbss         000000
__Hrdata                   rdata        000000
__Hreset_vec               reset_vec    000004
__Hrparam                  rparam       000000
__Hsfr                     sfr          000000
__Hsmallconst              smallconst   00024A
__Hspace_0                 (abs)        30000E
__Hspace_1                 (abs)        00003A
__Hspace_2                 (abs)        000000
__Hstack                   stack        000000
__Hstruct                  struct       000000
__Htemp                    temp         00003A
__Htext                    text         000000
__Htext0                   text0        000000
__Htext1                   text1        000000
__Htext2                   text2        000000
__Htext3                   text3        000000
__Htext4                   text4        000000
__Htext5                   text5        000000
__Htext7                   text7        000000
__LRAM                     (abs)        000001
__Labs1                    abs1         000000
__Lbank0                   bank0        000000
__Lbank1                   bank1        000000
__Lbigbss                  bigbss       000000
__Lbigdata                 bigdata      000000
__Lbigram                  bigram       000000
__Lbss                     bss          000000
__LbssCOMRAM               bssCOMRAM    000000
__Lcinit                   cinit        000000
__Lclrtext                 clrtext      000000
__Lcomram                  comram       000000
__Lconfig                  config       300000
__Lconst                   const        000000
__LcstackCOMRAM            cstackCOMRAM 000000
__Ldata                    data         000000
__Leeprom_data             eeprom_data  000000
__Lfarbss                  farbss       000000
__Lfardata                 fardata      000000
__Libigdata                ibigdata     000000
__Lidata                   idata        000000
__Lidloc                   idloc        200000
__Lifardata                ifardata     000000
__Linit                    init         000012
__Lintcode                 intcode      000008
__Lintcode_body            intcode_body 000000
__Lintcodelo               intcodelo    000012
__Lintentry                intentry     000000
__Lintret                  intret       000000
__Lintsave_regs            intsave_regs 000000
__Lirdata                  irdata       000000
__Lmediumconst             mediumconst  000000
__LnvFARRAM                nvFARRAM     000000
__Lnvbit                   nvbit        000000
__Lnvrram                  nvrram       000000
__Lparam                   rparam       000000
__Lpowerup                 powerup      000012
__Lram                     ram          000000
__Lramtop                  ramtop       000200
__Lrbit                    rbit         000000
__Lrbss                    rbss         000000
__Lrdata                   rdata        000000
__Lreset_vec               reset_vec    000000
__Lrparam                  rparam       000000
__Lsfr                     sfr          000000
__Lsmallconst              smallconst   000200
__Lspace_0                 (abs)        000000
__Lspace_1                 (abs)        000000
__Lspace_2                 (abs)        000000
__Lstack                   stack        000000
__Lstruct                  struct       000000
__Ltemp                    temp         000039
__Ltext                    text         000000
__Ltext0                   text0        000000
__Ltext1                   text1        000000
__Ltext2                   text2        000000
__Ltext3                   text3        000000
__Ltext4                   text4        000000
__Ltext5                   text5        000000
__Ltext7                   text7        000000
__S0                       (abs)        30000E
__S1                       (abs)        00003A
__S2                       (abs)        000000
___inthi_sp                stack        000000
___intlo_sp                stack        000000
___param_bank              (abs)        000000
___rparam_used             (abs)        000001
___sp                      stack        000000
__accesstop                (abs)        000080
__activetblptr             (abs)        000002
__end_of_High_RSI          intcode      000012
__end_of_RSI_Timer0        text7        000530
__end_of_TI_GetTics        text3        000496
__end_of_TI_Init           text5        0004C0
__end_of_TI_ResetTics      text2        0004E4
__end_of__initialization   cinit        0004F0
__end_of_initSIO           text4        00053E
__end_of_keyNumber         smallconst   000249
__end_of_main              text0        000518
__end_of_motorKeypad       text1        00044A
__end_of_sms               smallconst   00023D
__initialization           cinit        0004E4
__mediumconst              mediumconst  000000
__pbssCOMRAM               bssCOMRAM    000001
__pcinit                   cinit        0004E4
__pcstackCOMRAM            cstackCOMRAM 000026
__pintcode                 intcode      000008
__psmallconst              smallconst   000200
__ptext0                   text0        0004FE
__ptext1                   text1        00024A
__ptext2                   text2        0004C0
__ptext3                   text3        00044A
__ptext4                   text4        000530
__ptext5                   text5        000496
__ptext7                   text7        000518
__ramtop                   ramtop       000200
__size_of_High_RSI         (abs)        000000
__size_of_RSI_Timer0       (abs)        000000
__size_of_TI_GetTics       (abs)        000000
__size_of_TI_Init          (abs)        000000
__size_of_TI_ResetTics     (abs)        000000
__size_of_initSIO          (abs)        000000
__size_of_main             (abs)        000000
__size_of_motorKeypad      (abs)        000000
__smallconst               smallconst   000200
_indexSMS                  bssCOMRAM    00001D
_initSIO                   text4        000530
_key                       bssCOMRAM    00001F
_keyNum                    bssCOMRAM    00001E
_keyNumber                 smallconst   00023D
_main                      text0        0004FE
_motorKeypad               text1        00024A
_motorKeypad$590           cstackCOMRAM 000035
_motorKeypad$591           cstackCOMRAM 000037
_sms                       smallconst   000201
_tmr_bounce                bssCOMRAM    000024
btemp                      temp         000039
end_of_initialization      cinit        0004F0
int$flags                  temp         000039
intlevel0                  text         000000
intlevel1                  text         000000
intlevel2                  text         000000
intlevel3                  text         000000
motorKeypad@colPressed     bssCOMRAM    00001B
motorKeypad@keyAux         bssCOMRAM    000019
motorKeypad@rowPressed     bssCOMRAM    00001A
motorKeypad@state          bssCOMRAM    00001C
stackhi                    (abs)        0001FF
stacklo                    (abs)        000080
start                      init         000012
start_initialization       cinit        0004E4
ttemp5                     temp         00003A
ttemp6                     temp         00003D
ttemp7                     temp         000041
wtemp8                     temp         00003A


FUNCTION INFORMATION:

 *************** function _main *****************
 Defined at:
		line 18 in file "main.c"
 Parameters:    Size  Location     Type
		None
 Auto vars:     Size  Location     Type
		None
 Return value:  Size  Location     Type
                  1    wreg      void 
 Registers used:
		wreg, fsr2l, fsr2h, status,2, status,0, tblptrl, tblptrh, tblptru, prodl, prodh, cstack
 Tracked objects:
		On entry : 
		On exit  : 
		Unchanged: 
 Data sizes:     COMRAM   BANK0   BANK1
      Params:         0       0       0
      Locals:         0       0       0
      Temps:          0       0       0
      Totals:         0       0       0
Total ram usage:        0 bytes
 Hardware stack levels required when called:    4
 This function calls:
		_TI_Init
		_initSIO
		_motorKeypad
 This function is called by:
		Startup code after reset
 This function uses a non-reentrant model


 *************** function _motorKeypad *****************
 Defined at:
		line 40 in file "Keypad.c"
 Parameters:    Size  Location     Type
		None
 Auto vars:     Size  Location     Type
		None
 Return value:  Size  Location     Type
                  1    wreg      void 
 Registers used:
		wreg, fsr2l, fsr2h, status,2, status,0, tblptrl, tblptrh, tblptru, prodl, prodh, cstack
 Tracked objects:
		On entry : 
		On exit  : 
		Unchanged: 
 Data sizes:     COMRAM   BANK0   BANK1
      Params:         0       0       0
      Locals:         4       0       0
      Temps:          2       0       0
      Totals:         6       0       0
Total ram usage:        6 bytes
 Hardware stack levels used:    1
 Hardware stack levels required when called:    3
 This function calls:
		_TI_GetTics
		_TI_ResetTics
 This function is called by:
		_main
 This function uses a non-reentrant model


 *************** function _TI_ResetTics *****************
 Defined at:
		line 55 in file "TAD_TIMER.c"
 Parameters:    Size  Location     Type
  TimerHandle     1    wreg     unsigned char 
 Auto vars:     Size  Location     Type
  TimerHandle     1    0[COMRAM] unsigned char 
 Return value:  Size  Location     Type
                  1    wreg      void 
 Registers used:
		wreg, fsr2l, fsr2h, status,2, status,0, prodl, prodh
 Tracked objects:
		On entry : 
		On exit  : 
		Unchanged: 
 Data sizes:     COMRAM   BANK0   BANK1
      Params:         0       0       0
      Locals:         1       0       0
      Temps:          0       0       0
      Totals:         1       0       0
Total ram usage:        1 bytes
 Hardware stack levels used:    1
 Hardware stack levels required when called:    2
 This function calls:
		Nothing
 This function is called by:
		_motorKeypad
 This function uses a non-reentrant model


 *************** function _TI_GetTics *****************
 Defined at:
		line 60 in file "TAD_TIMER.c"
 Parameters:    Size  Location     Type
  TimerHandle     1    wreg     unsigned char 
 Auto vars:     Size  Location     Type
  TimerHandle     1   12[COMRAM] unsigned char 
  CopiaTicsAct    4    8[COMRAM] unsigned long 
 Return value:  Size  Location     Type
                  4    0[COMRAM] unsigned long 
 Registers used:
		wreg, fsr2l, fsr2h, status,2, status,0, prodl, prodh
 Tracked objects:
		On entry : 
		On exit  : 
		Unchanged: 
 Data sizes:     COMRAM   BANK0   BANK1
      Params:         4       0       0
      Locals:         5       0       0
      Temps:          4       0       0
      Totals:        13       0       0
Total ram usage:       13 bytes
 Hardware stack levels used:    1
 Hardware stack levels required when called:    2
 This function calls:
		Nothing
 This function is called by:
		_motorKeypad
 This function uses a non-reentrant model


 *************** function _initSIO *****************
 Defined at:
		line 5 in file "SIO.c"
 Parameters:    Size  Location     Type
		None
 Auto vars:     Size  Location     Type
		None
 Return value:  Size  Location     Type
                  1    wreg      void 
 Registers used:
		wreg, status,2
 Tracked objects:
		On entry : 
		On exit  : 
		Unchanged: 
 Data sizes:     COMRAM   BANK0   BANK1
      Params:         0       0       0
      Locals:         0       0       0
      Temps:          0       0       0
      Totals:         0       0       0
Total ram usage:        0 bytes
 Hardware stack levels used:    1
 Hardware stack levels required when called:    2
 This function calls:
		Nothing
 This function is called by:
		_main
 This function uses a non-reentrant model


 *************** function _TI_Init *****************
 Defined at:
		line 34 in file "TAD_TIMER.c"
 Parameters:    Size  Location     Type
		None
 Auto vars:     Size  Location     Type
  counter         1    0[COMRAM] unsigned char 
 Return value:  Size  Location     Type
                  1    wreg      void 
 Registers used:
		wreg, fsr2l, fsr2h, status,2, status,0, prodl, prodh
 Tracked objects:
		On entry : 
		On exit  : 
		Unchanged: 
 Data sizes:     COMRAM   BANK0   BANK1
      Params:         0       0       0
      Locals:         1       0       0
      Temps:          0       0       0
      Totals:         1       0       0
Total ram usage:        1 bytes
 Hardware stack levels used:    1
 Hardware stack levels required when called:    2
 This function calls:
		Nothing
 This function is called by:
		_main
 This function uses a non-reentrant model


 *************** function _High_RSI *****************
 Defined at:
		line 14 in file "main.c"
 Parameters:    Size  Location     Type
		None
 Auto vars:     Size  Location     Type
		None
 Return value:  Size  Location     Type
                  1    wreg      void 
 Registers used:
		wreg, status,2, status,0, cstack
 Tracked objects:
		On entry : 
		On exit  : 
		Unchanged: 
 Data sizes:     COMRAM   BANK0   BANK1
      Params:         0       0       0
      Locals:         0       0       0
      Temps:          0       0       0
      Totals:         0       0       0
Total ram usage:        0 bytes
 Hardware stack levels used:    1
 Hardware stack levels required when called:    1
 This function calls:
		_RSI_Timer0
 This function is called by:
		Interrupt level 2
 This function uses a non-reentrant model


 *************** function _RSI_Timer0 *****************
 Defined at:
		line 25 in file "TAD_TIMER.c"
 Parameters:    Size  Location     Type
		None
 Auto vars:     Size  Location     Type
		None
 Return value:  Size  Location     Type
                  1    wreg      void 
 Registers used:
		wreg, status,2, status,0
 Tracked objects:
		On entry : 
		On exit  : 
		Unchanged: 
 Data sizes:     COMRAM   BANK0   BANK1
      Params:         0       0       0
      Locals:         0       0       0
      Temps:          0       0       0
      Totals:         0       0       0
Total ram usage:        0 bytes
 Hardware stack levels used:    1
 This function calls:
		Nothing
 This function is called by:
		_High_RSI
 This function uses a non-reentrant model



MODULE INFORMATION

Module		Function		Class		Link	Load	Size
Keypad.c
		_motorKeypad   		CODE           	024A	0000	513

Keypad.c estimated size: 513

SIO.c
		_initSIO       		CODE           	0530	0000	15

SIO.c estimated size: 15

shared
		_keyNumber     		SMALLCONST     	023D	0000	13
		__initialization		CODE           	04E4	0000	13
		_sms           		SMALLCONST     	0201	0000	61

shared estimated size: 87

TAD_TIMER.c
		_TI_ResetTics  		CODE           	04C0	0000	37
		_RSI_Timer0    		CODE           	0518	0000	25
		_TI_Init       		CODE           	0496	0000	43
		_TI_GetTics    		CODE           	044A	0000	77

TAD_TIMER.c estimated size: 182

main.c
		_High_RSI      		CODE           	0008	0000	11
		_main          		CODE           	04FE	0000	27

main.c estimated size: 38

